D:\自媒体\漫画工作流\apps\desktop\native\Views\AssetsView.cs(19,92): warning CS0108: “AssetsView.Style”隐藏继承的成员“FrameworkElement.Style”。如果是有意隐藏，请使用关键字 new。 [D:\自媒体\漫画工作流\apps\desktop\native\MangaFlow.Native_dqpvchyd_wpftmp.csproj]
D:\自媒体\漫画工作流\apps\desktop\native\MainWindow.xaml.cs(265,24): warning CS1998: 此异步方法缺少 "await" 运算符，将以同步方式运行。请考虑使用 "await" 运算符等待非阻止的 API 调用，或者使用 "await Task.Run(...)" 在后台线程上执行占用大量 CPU 的工作。 [D:\自媒体\漫画工作流\apps\desktop\native\MangaFlow.Native_dqpvchyd_wpftmp.csproj]
D:\自媒体\漫画工作流\apps\desktop\native\MainWindow.xaml.cs(474,24): warning CS1998: 此异步方法缺少 "await" 运算符，将以同步方式运行。请考虑使用 "await" 运算符等待非阻止的 API 调用，或者使用 "await Task.Run(...)" 在后台线程上执行占用大量 CPU 的工作。 [D:\自媒体\漫画工作流\apps\desktop\native\MangaFlow.Native_dqpvchyd_wpftmp.csproj]
D:\自媒体\漫画工作流\apps\desktop\native\Services\DirectorRules.cs(300,13): warning CS8620: 由于引用类型的可为 null 性差异，List<(string, string, string)> 类型的实参不能用于 DirectorPlanResult DirectorPlanResult.Clarify(string reason, List<(string, string?, string)> options) 中 List<(string, string?, string)> 类型的形参 options。 [D:\自媒体\漫画工作流\apps\desktop\native\MangaFlow.Native_dqpvchyd_wpftmp.csproj]
D:\自媒体\漫画工作流\apps\desktop\native\Services\DirectorRules.cs(313,17): warning CS8620: 由于引用类型的可为 null 性差异，List<(string, string, string)> 类型的实参不能用于 DirectorPlanResult DirectorPlanResult.Clarify(string reason, List<(string, string?, string)> options) 中 List<(string, string?, string)> 类型的形参 options。 [D:\自媒体\漫画工作流\apps\desktop\native\MangaFlow.Native_dqpvchyd_wpftmp.csproj]
D:\自媒体\漫画工作流\apps\desktop\native\Services\DirectorRules.cs(323,13): warning CS8620: 由于引用类型的可为 null 性差异，List<(string, string, string)> 类型的实参不能用于 DirectorPlanResult DirectorPlanResult.Clarify(string reason, List<(string, string?, string)> options) 中 List<(string, string?, string)> 类型的形参 options。 [D:\自媒体\漫画工作流\apps\desktop\native\MangaFlow.Native_dqpvchyd_wpftmp.csproj]
D:\自媒体\漫画工作流\apps\desktop\native\Views\ScriptView.cs(644,29): warning CS8602: 解引用可能出现空引用。 [D:\自媒体\漫画工作流\apps\desktop\native\MangaFlow.Native_dqpvchyd_wpftmp.csproj]
D:\自媒体\漫画工作流\apps\desktop\native\Views\WorkflowView.cs(1296,24): warning CS1998: 此异步方法缺少 "await" 运算符，将以同步方式运行。请考虑使用 "await" 运算符等待非阻止的 API 调用，或者使用 "await Task.Run(...)" 在后台线程上执行占用大量 CPU 的工作。 [D:\自媒体\漫画工作流\apps\desktop\native\MangaFlow.Native_dqpvchyd_wpftmp.csproj]
D:\自媒体\漫画工作流\apps\desktop\native\Views\WorkflowView.cs(1854,23): warning CS8618: 在退出构造函数时，不可为 null 的 字段 "Name" 必须包含非 null 值。请考虑添加 "required" 修饰符或将该 字段 声明为可为 null。 [D:\自媒体\漫画工作流\apps\desktop\native\MangaFlow.Native_dqpvchyd_wpftmp.csproj]
D:\自媒体\漫画工作流\apps\desktop\native\Views\AssetsView.cs(19,92): warning CS0108: “AssetsView.Style”隐藏继承的成员“FrameworkElement.Style”。如果是有意隐藏，请使用关键字 new。 [D:\自媒体\漫画工作流\apps\desktop\native\MangaFlow.Native.csproj]
D:\自媒体\漫画工作流\apps\desktop\native\MainWindow.xaml.cs(265,24): warning CS1998: 此异步方法缺少 "await" 运算符，将以同步方式运行。请考虑使用 "await" 运算符等待非阻止的 API 调用，或者使用 "await Task.Run(...)" 在后台线程上执行占用大量 CPU 的工作。 [D:\自媒体\漫画工作流\apps\desktop\native\MangaFlow.Native.csproj]
D:\自媒体\漫画工作流\apps\desktop\native\MainWindow.xaml.cs(474,24): warning CS1998: 此异步方法缺少 "await" 运算符，将以同步方式运行。请考虑使用 "await" 运算符等待非阻止的 API 调用，或者使用 "await Task.Run(...)" 在后台线程上执行占用大量 CPU 的工作。 [D:\自媒体\漫画工作流\apps\desktop\native\MangaFlow.Native.csproj]
D:\自媒体\漫画工作流\apps\desktop\native\Services\DirectorRules.cs(300,13): warning CS8620: 由于引用类型的可为 null 性差异，List<(string, string, string)> 类型的实参不能用于 DirectorPlanResult DirectorPlanResult.Clarify(string reason, List<(string, string?, string)> options) 中 List<(string, string?, string)> 类型的形参 options。 [D:\自媒体\漫画工作流\apps\desktop\native\MangaFlow.Native.csproj]
D:\自媒体\漫画工作流\apps\desktop\native\Services\DirectorRules.cs(313,17): warning CS8620: 由于引用类型的可为 null 性差异，List<(string, string, string)> 类型的实参不能用于 DirectorPlanResult DirectorPlanResult.Clarify(string reason, List<(string, string?, string)> options) 中 List<(string, string?, string)> 类型的形参 options。 [D:\自媒体\漫画工作流\apps\desktop\native\MangaFlow.Native.csproj]
D:\自媒体\漫画工作流\apps\desktop\native\Services\DirectorRules.cs(323,13): warning CS8620: 由于引用类型的可为 null 性差异，List<(string, string, string)> 类型的实参不能用于 DirectorPlanResult DirectorPlanResult.Clarify(string reason, List<(string, string?, string)> options) 中 List<(string, string?, string)> 类型的形参 options。 [D:\自媒体\漫画工作流\apps\desktop\native\MangaFlow.Native.csproj]
D:\自媒体\漫画工作流\apps\desktop\native\Views\ScriptView.cs(644,29): warning CS8602: 解引用可能出现空引用。 [D:\自媒体\漫画工作流\apps\desktop\native\MangaFlow.Native.csproj]
D:\自媒体\漫画工作流\apps\desktop\native\Views\WorkflowView.cs(1296,24): warning CS1998: 此异步方法缺少 "await" 运算符，将以同步方式运行。请考虑使用 "await" 运算符等待非阻止的 API 调用，或者使用 "await Task.Run(...)" 在后台线程上执行占用大量 CPU 的工作。 [D:\自媒体\漫画工作流\apps\desktop\native\MangaFlow.Native.csproj]
D:\自媒体\漫画工作流\apps\desktop\native\Views\WorkflowView.cs(1854,23): warning CS8618: 在退出构造函数时，不可为 null 的 字段 "Name" 必须包含非 null 值。请考虑添加 "required" 修饰符或将该 字段 声明为可为 null。 [D:\自媒体\漫画工作流\apps\desktop\native\MangaFlow.Native.csproj]
D:\自媒体\漫画工作流\apps\desktop\native-tests\NativeBackendChecks.cs(91,13): warning CS8602: 解引用可能出现空引用。 [D:\自媒体\漫画工作流\apps\desktop\native-tests\MangaFlow.Native.Tests.csproj]
D:\自媒体\漫画工作流\apps\desktop\native-tests\NativeBackendChecks.cs(61,31): warning CS1998: 此异步方法缺少 "await" 运算符，将以同步方式运行。请考虑使用 "await" 运算符等待非阻止的 API 调用，或者使用 "await Task.Run(...)" 在后台线程上执行占用大量 CPU 的工作。 [D:\自媒体\漫画工作流\apps\desktop\native-tests\MangaFlow.Native.Tests.csproj]
D:\自媒体\漫画工作流\apps\desktop\native-tests\NativeAssetsLoopChecks.cs(162,15): warning CS8604: “void NativeAssetsLoopChecks.Click(ButtonBase button)”中的形参“button”可能传入 null 引用实参。 [D:\自媒体\漫画工作流\apps\desktop\native-tests\MangaFlow.Native.Tests.csproj]
D:\自媒体\漫画工作流\apps\desktop\native-tests\NativeNavigationChecks.cs(112,31): warning CS8600: 将 null 文本或可能的 null 值转换为不可为 null 类型。 [D:\自媒体\漫画工作流\apps\desktop\native-tests\MangaFlow.Native.Tests.csproj]
D:\自媒体\漫画工作流\apps\desktop\native-tests\NativeNavigationChecks.cs(112,74): warning CS8600: 将 null 文本或可能的 null 值转换为不可为 null 类型。 [D:\自媒体\漫画工作流\apps\desktop\native-tests\MangaFlow.Native.Tests.csproj]
D:\自媒体\漫画工作流\apps\desktop\native-tests\NativeNavigationChecks.cs(112,74): warning CS8602: 解引用可能出现空引用。 [D:\自媒体\漫画工作流\apps\desktop\native-tests\MangaFlow.Native.Tests.csproj]
D:\自媒体\漫画工作流\apps\desktop\native-tests\NativeNavigationChecks.cs(114,31): warning CS8600: 将 null 文本或可能的 null 值转换为不可为 null 类型。 [D:\自媒体\漫画工作流\apps\desktop\native-tests\MangaFlow.Native.Tests.csproj]
D:\自媒体\漫画工作流\apps\desktop\native-tests\NativeNavigationChecks.cs(114,80): warning CS8600: 将 null 文本或可能的 null 值转换为不可为 null 类型。 [D:\自媒体\漫画工作流\apps\desktop\native-tests\MangaFlow.Native.Tests.csproj]
D:\自媒体\漫画工作流\apps\desktop\native-tests\NativeNavigationChecks.cs(114,80): warning CS8602: 解引用可能出现空引用。 [D:\自媒体\漫画工作流\apps\desktop\native-tests\MangaFlow.Native.Tests.csproj]
D:\自媒体\漫画工作流\apps\desktop\native-tests\NativeNavigationChecks.cs(116,22): warning CS8600: 将 null 文本或可能的 null 值转换为不可为 null 类型。 [D:\自媒体\漫画工作流\apps\desktop\native-tests\MangaFlow.Native.Tests.csproj]
D:\自媒体\漫画工作流\apps\desktop\native-tests\NativeNavigationChecks.cs(117,26): warning CS8602: 解引用可能出现空引用。 [D:\自媒体\漫画工作流\apps\desktop\native-tests\MangaFlow.Native.Tests.csproj]
D:\自媒体\漫画工作流\apps\desktop\native-tests\NativeNavigationChecks.cs(151,27): warning CS8600: 将 null 文本或可能的 null 值转换为不可为 null 类型。 [D:\自媒体\漫画工作流\apps\desktop\native-tests\MangaFlow.Native.Tests.csproj]
D:\自媒体\漫画工作流\apps\desktop\native-tests\NativeNavigationChecks.cs(152,17): warning CS8602: 解引用可能出现空引用。 [D:\自媒体\漫画工作流\apps\desktop\native-tests\MangaFlow.Native.Tests.csproj]
D:\自媒体\漫画工作流\apps\desktop\native-tests\NativeDockChecks.cs(367,31): warning CS1998: 此异步方法缺少 "await" 运算符，将以同步方式运行。请考虑使用 "await" 运算符等待非阻止的 API 调用，或者使用 "await Task.Run(...)" 在后台线程上执行占用大量 CPU 的工作。 [D:\自媒体\漫画工作流\apps\desktop\native-tests\MangaFlow.Native.Tests.csproj]
PASS: storyboard resize handles/bubble create/dialogue 409 recovery/bleed-safe overlay/focus mode/replan/inspector key isolation/refresh draft preservation all match the web contract
