D:\自媒体\漫画工作流-wt-a\apps\desktop\native-tests\NativeBackendChecks.cs(91,13): warning CS8602: 解引用可能出现空引用。 [D:\自媒体\漫画工作流-wt-a\apps\desktop\native-tests\MangaFlow.Native.Tests.csproj]
D:\自媒体\漫画工作流-wt-a\apps\desktop\native-tests\NativeBackendChecks.cs(61,31): warning CS1998: 此异步方法缺少 "await" 运算符，将以同步方式运行。请考虑使用 "await" 运算符等待非阻止的 API 调用，或者使用 "await Task.Run(...)" 在后台线程上执行占用大量 CPU 的工作。 [D:\自媒体\漫画工作流-wt-a\apps\desktop\native-tests\MangaFlow.Native.Tests.csproj]
D:\自媒体\漫画工作流-wt-a\apps\desktop\native-tests\NativeAssetsLoopChecks.cs(162,15): warning CS8604: “void NativeAssetsLoopChecks.Click(ButtonBase button)”中的形参“button”可能传入 null 引用实参。 [D:\自媒体\漫画工作流-wt-a\apps\desktop\native-tests\MangaFlow.Native.Tests.csproj]
D:\自媒体\漫画工作流-wt-a\apps\desktop\native-tests\NativeNavigationChecks.cs(112,31): warning CS8600: 将 null 文本或可能的 null 值转换为不可为 null 类型。 [D:\自媒体\漫画工作流-wt-a\apps\desktop\native-tests\MangaFlow.Native.Tests.csproj]
D:\自媒体\漫画工作流-wt-a\apps\desktop\native-tests\NativeNavigationChecks.cs(112,74): warning CS8600: 将 null 文本或可能的 null 值转换为不可为 null 类型。 [D:\自媒体\漫画工作流-wt-a\apps\desktop\native-tests\MangaFlow.Native.Tests.csproj]
D:\自媒体\漫画工作流-wt-a\apps\desktop\native-tests\NativeNavigationChecks.cs(112,74): warning CS8602: 解引用可能出现空引用。 [D:\自媒体\漫画工作流-wt-a\apps\desktop\native-tests\MangaFlow.Native.Tests.csproj]
D:\自媒体\漫画工作流-wt-a\apps\desktop\native-tests\NativeNavigationChecks.cs(114,31): warning CS8600: 将 null 文本或可能的 null 值转换为不可为 null 类型。 [D:\自媒体\漫画工作流-wt-a\apps\desktop\native-tests\MangaFlow.Native.Tests.csproj]
D:\自媒体\漫画工作流-wt-a\apps\desktop\native-tests\NativeNavigationChecks.cs(114,80): warning CS8600: 将 null 文本或可能的 null 值转换为不可为 null 类型。 [D:\自媒体\漫画工作流-wt-a\apps\desktop\native-tests\MangaFlow.Native.Tests.csproj]
D:\自媒体\漫画工作流-wt-a\apps\desktop\native-tests\NativeNavigationChecks.cs(114,80): warning CS8602: 解引用可能出现空引用。 [D:\自媒体\漫画工作流-wt-a\apps\desktop\native-tests\MangaFlow.Native.Tests.csproj]
D:\自媒体\漫画工作流-wt-a\apps\desktop\native-tests\NativeNavigationChecks.cs(116,22): warning CS8600: 将 null 文本或可能的 null 值转换为不可为 null 类型。 [D:\自媒体\漫画工作流-wt-a\apps\desktop\native-tests\MangaFlow.Native.Tests.csproj]
D:\自媒体\漫画工作流-wt-a\apps\desktop\native-tests\NativeNavigationChecks.cs(117,26): warning CS8602: 解引用可能出现空引用。 [D:\自媒体\漫画工作流-wt-a\apps\desktop\native-tests\MangaFlow.Native.Tests.csproj]
D:\自媒体\漫画工作流-wt-a\apps\desktop\native-tests\NativeNavigationChecks.cs(151,27): warning CS8600: 将 null 文本或可能的 null 值转换为不可为 null 类型。 [D:\自媒体\漫画工作流-wt-a\apps\desktop\native-tests\MangaFlow.Native.Tests.csproj]
D:\自媒体\漫画工作流-wt-a\apps\desktop\native-tests\NativeNavigationChecks.cs(152,17): warning CS8602: 解引用可能出现空引用。 [D:\自媒体\漫画工作流-wt-a\apps\desktop\native-tests\MangaFlow.Native.Tests.csproj]
D:\自媒体\漫画工作流-wt-a\apps\desktop\native-tests\NativeDockChecks.cs(367,31): warning CS1998: 此异步方法缺少 "await" 运算符，将以同步方式运行。请考虑使用 "await" 运算符等待非阻止的 API 调用，或者使用 "await Task.Run(...)" 在后台线程上执行占用大量 CPU 的工作。 [D:\自媒体\漫画工作流-wt-a\apps\desktop\native-tests\MangaFlow.Native.Tests.csproj]
PASS: #428 重连同项目缝先过离开确认——拒绝弃稿时表单/输入原地存活且零重载（上下文已换新 ApiClient）
PASS: #428 同意弃稿后重连同项目走全量重载（新客户端恰好一轮 script 读取）
PASS: #428 StoryboardView 保真激活——几何草稿/撤销栈存活，不重读服务端锚点
PASS: #428 GenerateView 保真激活——导演台草稿存活，Pane 不重建
PASS: #429 F5 刷新不丢导演指令（工作台零重读、Pane 不重建）
PASS: #429 切章先过离开确认——拒绝弹回原章零读取，同意后正常切换
PASS: #429 迟到的旧章 pages 响应被丢弃——画布/页列表/选择器保持新章（B）
PASS: #429 局部修改窗口关闭先确认——拒绝保留选区与指令，同意正常关闭
PASS: #449 源图读取失败按「中文 + 状态码」契约上屏，英文原文不上屏
428+429 done
