
Sample Mode FirstFrameMs WindowHandleMs InputIdleMs CleanClose Exited LeftoverChildren
------ ---- ------------ -------------- ----------- ---------- ------ ----------------
     1 cold       2139.1           2071        2142       True   True                 
     2 cold       1031.7            957        1032       True   True                 
     3 cold       1030.6            959        1031       True   True                 
     4 cold       1052.6            986        1053       True   True                 
     5 cold       1052.3            991        1052       True   True                 
     6 cold       1047.4           1005        1047       True   True                 
     7 cold       1025.1            959        1025       True   True                 
     8 cold         1016            973        1016       True   True                 
     9 cold       1027.9            989        1028       True   True                 
    10 cold       1042.9            978        1043       True   True                 
    11 cold       1020.3            945        1020       True   True                 
    12 cold       1021.9            960        1022       True   True                 
    13 cold       1048.8            979        1049       True   True                 
    14 cold       1067.2           1008        1067       True   True                 
    15 cold       1061.4            976        1061       True   True                 
    16 cold       1036.3            976        1036       True   True                 
    17 cold       1040.3            978        1040       True   True                 
    18 cold       1035.1            959        1035       True   True                 
    19 cold       1020.6            944        1021       True   True                 
    20 cold       1026.4            960        1026       True   True                 



csv=D:\自媒体\漫画工作流\output\nui8-release\perf\g1-firstframe-cold-n20.csv
