  正在确定要还原的项目…
  所有项目均是最新的，无法还原。
D:\自媒体\漫画工作流\apps\desktop\native\Views\AssetsView.cs(19,92): warning CS0108: “AssetsView.Style”隐藏继承的成员“FrameworkElement.Style”。如果是有意隐藏，请使用关键字 new。 [D:\自媒体\漫画工作流\apps\desktop\native\MangaFlow.Native_ktyj2ox4_wpftmp.csproj]
D:\自媒体\漫画工作流\apps\desktop\native\MainWindow.xaml.cs(256,24): warning CS1998: 此异步方法缺少 "await" 运算符，将以同步方式运行。请考虑使用 "await" 运算符等待非阻止的 API 调用，或者使用 "await Task.Run(...)" 在后台线程上执行占用大量 CPU 的工作。 [D:\自媒体\漫画工作流\apps\desktop\native\MangaFlow.Native_ktyj2ox4_wpftmp.csproj]
D:\自媒体\漫画工作流\apps\desktop\native\MainWindow.xaml.cs(558,24): warning CS1998: 此异步方法缺少 "await" 运算符，将以同步方式运行。请考虑使用 "await" 运算符等待非阻止的 API 调用，或者使用 "await Task.Run(...)" 在后台线程上执行占用大量 CPU 的工作。 [D:\自媒体\漫画工作流\apps\desktop\native\MangaFlow.Native_ktyj2ox4_wpftmp.csproj]
D:\自媒体\漫画工作流\apps\desktop\native\Services\DirectorRules.cs(300,13): warning CS8620: 由于引用类型的可为 null 性差异，List<(string, string, string)> 类型的实参不能用于 DirectorPlanResult DirectorPlanResult.Clarify(string reason, List<(string, string?, string)> options) 中 List<(string, string?, string)> 类型的形参 options。 [D:\自媒体\漫画工作流\apps\desktop\native\MangaFlow.Native_ktyj2ox4_wpftmp.csproj]
D:\自媒体\漫画工作流\apps\desktop\native\Services\DirectorRules.cs(313,17): warning CS8620: 由于引用类型的可为 null 性差异，List<(string, string, string)> 类型的实参不能用于 DirectorPlanResult DirectorPlanResult.Clarify(string reason, List<(string, string?, string)> options) 中 List<(string, string?, string)> 类型的形参 options。 [D:\自媒体\漫画工作流\apps\desktop\native\MangaFlow.Native_ktyj2ox4_wpftmp.csproj]
D:\自媒体\漫画工作流\apps\desktop\native\Services\DirectorRules.cs(323,13): warning CS8620: 由于引用类型的可为 null 性差异，List<(string, string, string)> 类型的实参不能用于 DirectorPlanResult DirectorPlanResult.Clarify(string reason, List<(string, string?, string)> options) 中 List<(string, string?, string)> 类型的形参 options。 [D:\自媒体\漫画工作流\apps\desktop\native\MangaFlow.Native_ktyj2ox4_wpftmp.csproj]
D:\自媒体\漫画工作流\apps\desktop\native\Views\WorkflowView.cs(1788,24): warning CS1998: 此异步方法缺少 "await" 运算符，将以同步方式运行。请考虑使用 "await" 运算符等待非阻止的 API 调用，或者使用 "await Task.Run(...)" 在后台线程上执行占用大量 CPU 的工作。 [D:\自媒体\漫画工作流\apps\desktop\native\MangaFlow.Native_ktyj2ox4_wpftmp.csproj]
D:\自媒体\漫画工作流\apps\desktop\native\Views\WorkflowView.cs(2480,23): warning CS8618: 在退出构造函数时，不可为 null 的 字段 "Name" 必须包含非 null 值。请考虑添加 "required" 修饰符或将该 字段 声明为可为 null。 [D:\自媒体\漫画工作流\apps\desktop\native\MangaFlow.Native_ktyj2ox4_wpftmp.csproj]
D:\自媒体\漫画工作流\apps\desktop\native\Views\AssetsView.cs(19,92): warning CS0108: “AssetsView.Style”隐藏继承的成员“FrameworkElement.Style”。如果是有意隐藏，请使用关键字 new。 [D:\自媒体\漫画工作流\apps\desktop\native\MangaFlow.Native.csproj]
D:\自媒体\漫画工作流\apps\desktop\native\MainWindow.xaml.cs(256,24): warning CS1998: 此异步方法缺少 "await" 运算符，将以同步方式运行。请考虑使用 "await" 运算符等待非阻止的 API 调用，或者使用 "await Task.Run(...)" 在后台线程上执行占用大量 CPU 的工作。 [D:\自媒体\漫画工作流\apps\desktop\native\MangaFlow.Native.csproj]
D:\自媒体\漫画工作流\apps\desktop\native\MainWindow.xaml.cs(558,24): warning CS1998: 此异步方法缺少 "await" 运算符，将以同步方式运行。请考虑使用 "await" 运算符等待非阻止的 API 调用，或者使用 "await Task.Run(...)" 在后台线程上执行占用大量 CPU 的工作。 [D:\自媒体\漫画工作流\apps\desktop\native\MangaFlow.Native.csproj]
D:\自媒体\漫画工作流\apps\desktop\native\Services\DirectorRules.cs(300,13): warning CS8620: 由于引用类型的可为 null 性差异，List<(string, string, string)> 类型的实参不能用于 DirectorPlanResult DirectorPlanResult.Clarify(string reason, List<(string, string?, string)> options) 中 List<(string, string?, string)> 类型的形参 options。 [D:\自媒体\漫画工作流\apps\desktop\native\MangaFlow.Native.csproj]
D:\自媒体\漫画工作流\apps\desktop\native\Services\DirectorRules.cs(313,17): warning CS8620: 由于引用类型的可为 null 性差异，List<(string, string, string)> 类型的实参不能用于 DirectorPlanResult DirectorPlanResult.Clarify(string reason, List<(string, string?, string)> options) 中 List<(string, string?, string)> 类型的形参 options。 [D:\自媒体\漫画工作流\apps\desktop\native\MangaFlow.Native.csproj]
D:\自媒体\漫画工作流\apps\desktop\native\Services\DirectorRules.cs(323,13): warning CS8620: 由于引用类型的可为 null 性差异，List<(string, string, string)> 类型的实参不能用于 DirectorPlanResult DirectorPlanResult.Clarify(string reason, List<(string, string?, string)> options) 中 List<(string, string?, string)> 类型的形参 options。 [D:\自媒体\漫画工作流\apps\desktop\native\MangaFlow.Native.csproj]
D:\自媒体\漫画工作流\apps\desktop\native\Views\WorkflowView.cs(1788,24): warning CS1998: 此异步方法缺少 "await" 运算符，将以同步方式运行。请考虑使用 "await" 运算符等待非阻止的 API 调用，或者使用 "await Task.Run(...)" 在后台线程上执行占用大量 CPU 的工作。 [D:\自媒体\漫画工作流\apps\desktop\native\MangaFlow.Native.csproj]
D:\自媒体\漫画工作流\apps\desktop\native\Views\WorkflowView.cs(2480,23): warning CS8618: 在退出构造函数时，不可为 null 的 字段 "Name" 必须包含非 null 值。请考虑添加 "required" 修饰符或将该 字段 声明为可为 null。 [D:\自媒体\漫画工作流\apps\desktop\native\MangaFlow.Native.csproj]
  MangaFlow.Native -> D:\自媒体\漫画工作流\apps\desktop\native\bin\Release\net8.0-windows\MangaFlow.Native.dll
  MangaFlow.Native.Tests -> D:\自媒体\漫画工作流\apps\desktop\native-tests\bin\Release\net8.0-windows\MangaFlow.Native.Tests.dll

已成功生成。

D:\自媒体\漫画工作流\apps\desktop\native\Views\AssetsView.cs(19,92): warning CS0108: “AssetsView.Style”隐藏继承的成员“FrameworkElement.Style”。如果是有意隐藏，请使用关键字 new。 [D:\自媒体\漫画工作流\apps\desktop\native\MangaFlow.Native_ktyj2ox4_wpftmp.csproj]
D:\自媒体\漫画工作流\apps\desktop\native\MainWindow.xaml.cs(256,24): warning CS1998: 此异步方法缺少 "await" 运算符，将以同步方式运行。请考虑使用 "await" 运算符等待非阻止的 API 调用，或者使用 "await Task.Run(...)" 在后台线程上执行占用大量 CPU 的工作。 [D:\自媒体\漫画工作流\apps\desktop\native\MangaFlow.Native_ktyj2ox4_wpftmp.csproj]
D:\自媒体\漫画工作流\apps\desktop\native\MainWindow.xaml.cs(558,24): warning CS1998: 此异步方法缺少 "await" 运算符，将以同步方式运行。请考虑使用 "await" 运算符等待非阻止的 API 调用，或者使用 "await Task.Run(...)" 在后台线程上执行占用大量 CPU 的工作。 [D:\自媒体\漫画工作流\apps\desktop\native\MangaFlow.Native_ktyj2ox4_wpftmp.csproj]
D:\自媒体\漫画工作流\apps\desktop\native\Services\DirectorRules.cs(300,13): warning CS8620: 由于引用类型的可为 null 性差异，List<(string, string, string)> 类型的实参不能用于 DirectorPlanResult DirectorPlanResult.Clarify(string reason, List<(string, string?, string)> options) 中 List<(string, string?, string)> 类型的形参 options。 [D:\自媒体\漫画工作流\apps\desktop\native\MangaFlow.Native_ktyj2ox4_wpftmp.csproj]
D:\自媒体\漫画工作流\apps\desktop\native\Services\DirectorRules.cs(313,17): warning CS8620: 由于引用类型的可为 null 性差异，List<(string, string, string)> 类型的实参不能用于 DirectorPlanResult DirectorPlanResult.Clarify(string reason, List<(string, string?, string)> options) 中 List<(string, string?, string)> 类型的形参 options。 [D:\自媒体\漫画工作流\apps\desktop\native\MangaFlow.Native_ktyj2ox4_wpftmp.csproj]
D:\自媒体\漫画工作流\apps\desktop\native\Services\DirectorRules.cs(323,13): warning CS8620: 由于引用类型的可为 null 性差异，List<(string, string, string)> 类型的实参不能用于 DirectorPlanResult DirectorPlanResult.Clarify(string reason, List<(string, string?, string)> options) 中 List<(string, string?, string)> 类型的形参 options。 [D:\自媒体\漫画工作流\apps\desktop\native\MangaFlow.Native_ktyj2ox4_wpftmp.csproj]
D:\自媒体\漫画工作流\apps\desktop\native\Views\WorkflowView.cs(1788,24): warning CS1998: 此异步方法缺少 "await" 运算符，将以同步方式运行。请考虑使用 "await" 运算符等待非阻止的 API 调用，或者使用 "await Task.Run(...)" 在后台线程上执行占用大量 CPU 的工作。 [D:\自媒体\漫画工作流\apps\desktop\native\MangaFlow.Native_ktyj2ox4_wpftmp.csproj]
D:\自媒体\漫画工作流\apps\desktop\native\Views\WorkflowView.cs(2480,23): warning CS8618: 在退出构造函数时，不可为 null 的 字段 "Name" 必须包含非 null 值。请考虑添加 "required" 修饰符或将该 字段 声明为可为 null。 [D:\自媒体\漫画工作流\apps\desktop\native\MangaFlow.Native_ktyj2ox4_wpftmp.csproj]
D:\自媒体\漫画工作流\apps\desktop\native\Views\AssetsView.cs(19,92): warning CS0108: “AssetsView.Style”隐藏继承的成员“FrameworkElement.Style”。如果是有意隐藏，请使用关键字 new。 [D:\自媒体\漫画工作流\apps\desktop\native\MangaFlow.Native.csproj]
D:\自媒体\漫画工作流\apps\desktop\native\MainWindow.xaml.cs(256,24): warning CS1998: 此异步方法缺少 "await" 运算符，将以同步方式运行。请考虑使用 "await" 运算符等待非阻止的 API 调用，或者使用 "await Task.Run(...)" 在后台线程上执行占用大量 CPU 的工作。 [D:\自媒体\漫画工作流\apps\desktop\native\MangaFlow.Native.csproj]
D:\自媒体\漫画工作流\apps\desktop\native\MainWindow.xaml.cs(558,24): warning CS1998: 此异步方法缺少 "await" 运算符，将以同步方式运行。请考虑使用 "await" 运算符等待非阻止的 API 调用，或者使用 "await Task.Run(...)" 在后台线程上执行占用大量 CPU 的工作。 [D:\自媒体\漫画工作流\apps\desktop\native\MangaFlow.Native.csproj]
D:\自媒体\漫画工作流\apps\desktop\native\Services\DirectorRules.cs(300,13): warning CS8620: 由于引用类型的可为 null 性差异，List<(string, string, string)> 类型的实参不能用于 DirectorPlanResult DirectorPlanResult.Clarify(string reason, List<(string, string?, string)> options) 中 List<(string, string?, string)> 类型的形参 options。 [D:\自媒体\漫画工作流\apps\desktop\native\MangaFlow.Native.csproj]
D:\自媒体\漫画工作流\apps\desktop\native\Services\DirectorRules.cs(313,17): warning CS8620: 由于引用类型的可为 null 性差异，List<(string, string, string)> 类型的实参不能用于 DirectorPlanResult DirectorPlanResult.Clarify(string reason, List<(string, string?, string)> options) 中 List<(string, string?, string)> 类型的形参 options。 [D:\自媒体\漫画工作流\apps\desktop\native\MangaFlow.Native.csproj]
D:\自媒体\漫画工作流\apps\desktop\native\Services\DirectorRules.cs(323,13): warning CS8620: 由于引用类型的可为 null 性差异，List<(string, string, string)> 类型的实参不能用于 DirectorPlanResult DirectorPlanResult.Clarify(string reason, List<(string, string?, string)> options) 中 List<(string, string?, string)> 类型的形参 options。 [D:\自媒体\漫画工作流\apps\desktop\native\MangaFlow.Native.csproj]
D:\自媒体\漫画工作流\apps\desktop\native\Views\WorkflowView.cs(1788,24): warning CS1998: 此异步方法缺少 "await" 运算符，将以同步方式运行。请考虑使用 "await" 运算符等待非阻止的 API 调用，或者使用 "await Task.Run(...)" 在后台线程上执行占用大量 CPU 的工作。 [D:\自媒体\漫画工作流\apps\desktop\native\MangaFlow.Native.csproj]
D:\自媒体\漫画工作流\apps\desktop\native\Views\WorkflowView.cs(2480,23): warning CS8618: 在退出构造函数时，不可为 null 的 字段 "Name" 必须包含非 null 值。请考虑添加 "required" 修饰符或将该 字段 声明为可为 null。 [D:\自媒体\漫画工作流\apps\desktop\native\MangaFlow.Native.csproj]
    16 个警告
    0 个错误

已用时间 00:00:06.84
