
Sample Mode FirstFrameMs WindowHandleMs InputIdleMs CleanClose Exited LeftoverChildren
------ ---- ------------ -------------- ----------- ---------- ------ ----------------
     1 cold       2227.4           2079        2274       True   True                 
     2 cold       1064.6            970        1074       True   True                 
     3 cold       1070.1            995        1078       True   True                 
     4 cold       1072.3           1018        1080       True   True                 
     5 cold       1048.4            982        1056       True   True                 
     6 cold       1079.1           1024        1088       True   True                 
     7 cold         1057            958        1066       True   True                 
     8 cold       1058.5            958        1066       True   True                 
     9 cold       1041.1            974        1050       True   True                 
    10 cold       1071.6            974        1079       True   True                 
    11 cold       1061.5           1005        1069       True   True                 
    12 cold       1054.3            969        1061       True   True                 
    13 cold       1053.8            966        1061       True   True                 
    14 cold       1068.5            977        1077       True   True                 
    15 cold       1058.7            963        1069       True   True                 
    16 cold         1114           1043        1123       True   True                 
    17 cold       1055.3            958        1063       True   True                 
    18 cold       1063.6            995        1072       True   True                 
    19 cold       1056.1            959        1065       True   True                 
    20 cold         1056            957        1065       True   True                 



csv=output\nui10-rc1\p1-g1\g1-net8-n20.csv
