PASS: untrusted origins rejected
PASS: server media paths have exactly one API prefix
PASS: local and server media paths use identical thumbnails
PASS: lightbox preserves original resolution
PASS: exact versioned API path
PASS: UTF-8 JSON survives response disposal
PASS: 409 preserves status and actionable server detail (A15)
PASS: 404 carries its status for missing-resource branches (A15)
PASS: non-JSON errors keep status with no structured detail (A15)
[mangaflow-api] POST http://127.0.0.1:12345/projects 传输失败: HttpRequestException
PASS: interrupted mutation never automatically retries
PASS: navigation cancellation reaches HTTP handler
PASS: terminal actions disabled and progress clamped
PASS: exhausted task cannot retry
PASS: window preferences persist
PASS: atomic save leaves no temporary files
PASS: corrupt preferences fall back safely
PASS: dashboard bounds visual count
PASS: dashboard paging preserves remaining projects
PASS: archive emptying last page returns to valid page
PASS: cover lettering preserves Unicode graphemes
PASS: project navigation covers Web routes in order
PASS: reselecting a page does not rebuild it
PASS: selecting a new page notifies once
PASS: unknown page definition is rejected
PASS: director rule stub compiles whitelisted commands, UUID envelopes and web priority parity
PASS: local edit accepts explicitly mask-capable image models
PASS: local edit never falls back to whole-image reference editing
PASS: rectangle masks clamp to real image pixels
PASS: brush masks retain area and obey backend point limit
PASS: local edits preserve the versioned director command contract
PASS: native mask envelope uses polygon points
PASS: empty masks cannot be proposed
PASS: fast eraser strokes remove crossed regions even when samples lie outside
PASS: eraser strokes preserve neighboring regions
PASS: eraser taps on polygon boundaries are recognized
PASS: generation selects canonical references once per visible character
PASS: published packages inherit server defaults while retaining storyboard outfits
PASS: published packages cannot hide missing outfit references
PASS: missing legacy references block generation
PASS: per-run package and outfit overrides serialize with API field names
PASS: archived packages do not override legacy defaults
PASS: usage pagination retains every filter and exact time bounds
PASS: usage timestamps and escaped filter values round trip
PASS: invalid usage ranges fail before HTTP requests
PASS: usage summary filters by channel, project and exact time bounds like attempts (A10)
PASS: repeated load-more clicks dispatch only one request
PASS: late pagination responses cannot contaminate a new usage filter
PASS: late first pages cannot overwrite newer usage results
[keepalive/offline] cancel-race routed to cancellation semantics (no transport-failure misreport)
[keepalive] evidence -> output\nui10-rc1\render-net10\keepalive-offline-20260920-143704.json
[keepalive/offline] burst=10ok/0failed idle-gap-save=10ok/0failed idle-gap-read=10ok/0failed
[keepalive/offline] 连接生命周期与传输诊断通过 | [mangaflow-api] PATCH http://127.0.0.1:3352/projects 传输失败: HttpRequestException <- SocketException:ConnectionRefused
PASS: sidebar icons unclipped at 1320/960 widths and 860/640/600 heights; nine navigation targets, labels, contrast, scroll, repeated toggle, saved state, long project titles and compact paper gutters
PASS: view registry, offline navigation, cached instances, sidebar collapse, workspace layouts
PASS: re-rendering panes does not re-parent shared controls (B-2..B-5)
PASS: visual parity regressions — startup, grid bounds, project hits, settings breakpoints, nine pages, model picker, drawers and easing
PASS: READY-line parse fails closed (prefix/payload/origin rule); disconnect banner follows backend liveness
PASS: workflow navigation flushes an armed autosave debounce exactly once
PASS: workflow connection rules (data_type match / no self-loop / duplicate port pair / deterministic edge id) enforced end to end
PASS: workflow inspector full config surface, clamped write-back, run history and approval queue wire contract, stale approval model alias gating, PAGE scope chapter picker (B02), FAILED run retry (B04), default templates (B03), version restore (B01)
PASS: storyboard activation loads the remembered chapter exactly once (no side-channel double fetch)
PASS(段): 面板拖拽合成手势链路（capture→moved(offset=0.254,0.135)→提交撤销栈）离线可用，零位移提交为 no-op，中心命中探针落在面板子树
PASS: storyboard resize handles/bubble create/dialogue 409 recovery/bleed-safe overlay/focus mode/replan/inspector key isolation/panel-edit dialog entry/refresh draft preservation all match the web contract
PASS: rectangular toggles, web asset underlines/model cards, exclusive selection and project display names, ConfirmDialog keyboard contract (NUI-8-A)
PASS: source layout, selected-chapter plan/parse, duplicate guard, multipart import, revision save and stale project isolation
PASS: character page layout/text, explicit selection, real wire arrays, dedup creation, package cover/matrix/spec, reference unbind and project isolation
PASS: wardrobe responsive layout, opaque text surfaces, reference draft, versioned editing/conflict, save dedup, library envelope/cursor/adoption, model generation/polling and detached-pane isolation
PASS: media preview converts once, concept loop polls/adopts/dedupes, frozen spec readout uses version snapshots, unsaved outfit drafts are guarded
PASS: 检查面板按 Read 模型渲染（版本过滤 + 维度去重 + 气泡差异）；逐项修复按 web 载荷提交并在成功后收起；终态后结果/工作台/页面重拉；空结果/失败/迟到响应有守卫
PASS: poll interval setting, FAILED-only retry, streaming downloads, usage budget/breakdown, upload purpose, 409 blockers and entity deep links all match the web contract
PASS: jobs real wire contract, history loading, late read/mutation isolation, deduplication, error recovery, stable polling, ledger paging and unknown values
PASS: library cursor/filter isolation, selection actions, export readiness/deduplication, real file downloads and interrupted-download cleanup
PASS: dock counts/headline, cross-project isolation, cancel/retry dedup, shell collapse/restore, Enter/Esc/focus parity, help anchors and narrow layout
Unhandled exception. System.Exception: Offscreen native UI validation failed
 ---> System.Exception: Native interaction regression
 ---> System.Exception: storyboard/switch: storyboard: late failure from the previous project polluted the new page
 ---> System.Exception: storyboard: late failure from the previous project polluted the new page
   at NativeStateMatrixChecks.Require(Boolean condition, String message) in D:\自媒体\漫画工作流\apps\desktop\native-tests\NativeStateMatrixChecks.cs:line 291
   at NativeStateMatrixChecks.ProjectSwitch(String id, MethodInfo factory) in D:\自媒体\漫画工作流\apps\desktop\native-tests\NativeStateMatrixChecks.cs:line 145
   at NativeStateMatrixChecks.Run(String output) in D:\自媒体\漫画工作流\apps\desktop\native-tests\NativeStateMatrixChecks.cs:line 44
   --- End of inner exception stack trace ---
   at NativeStateMatrixChecks.Run(String output) in D:\自媒体\漫画工作流\apps\desktop\native-tests\NativeStateMatrixChecks.cs:line 45
   at NativeInteractionChecks.<>c__DisplayClass1_0.<<RunIsolated>b__2>d.MoveNext() in D:\自媒体\漫画工作流\apps\desktop\native-tests\NativeInteractionChecks.cs:line 53
   --- End of inner exception stack trace ---
   at NativeInteractionChecks.RunIsolated(String output) in D:\自媒体\漫画工作流\apps\desktop\native-tests\NativeInteractionChecks.cs:line 59
   at NativeInteractionChecks.Run(String output) in D:\自媒体\漫画工作流\apps\desktop\native-tests\NativeInteractionChecks.cs:line 24
   at NativeVisualChecks.<>c__DisplayClass0_0.<Run>b__0() in D:\自媒体\漫画工作流\apps\desktop\native-tests\NativeVisualChecks.cs:line 78
   --- End of inner exception stack trace ---
   at NativeVisualChecks.Run(String output) in D:\自媒体\漫画工作流\apps\desktop\native-tests\NativeVisualChecks.cs:line 87
   at Program.<Main>$(String[] args) in D:\自媒体\漫画工作流\apps\desktop\native-tests\Program.cs:line 272
   at Program.<Main>(String[] args)
